{"tool":"GCC","issues":[{"filePath":"ascii_table.c","startLine":7,"endLine":7,"startColumn":13,"endColumn":13,"rule":"[-Wunused-but-set-variable]","category":"Misc","message":"[-Wunused-but-set-variable]: variable ‘arr’ set but not used \n        7 |         int arr[5];\n        |             ^~~\n        ascii_table.c: In function ‘decimal_to_hexadecimal’:","priority":"warning"},{"filePath":"ascii_table.c","startLine":32,"endLine":32,"startColumn":15,"endColumn":15,"rule":"[-Wimplicit-function-declaration]","category":"Misc","message":"[-Wimplicit-function-declaration]: implicit declaration of function ‘malloc’ \n        32 |         ptr = malloc(sizeof(int));\n        |               ^~~~~~","priority":"warning"},{"filePath":"ascii_table.c","startLine":32,"endLine":32,"startColumn":15,"endColumn":15,"rule":"[-Wbuiltin-declaration-mismatch]","category":"Misc","message":"[-Wbuiltin-declaration-mismatch]: incompatible implicit declaration of built-in function ‘malloc’ \n        32 |         ptr = malloc(sizeof(int));\n        |               ^~~~~~","priority":"warning"},{"filePath":"ascii_table.c","startLine":31,"endLine":31,"startColumn":14,"endColumn":14,"rule":"[-Wunused-but-set-variable]","category":"Misc","message":"[-Wunused-but-set-variable]: variable ‘ptr’ set but not used \n        31 |         int *ptr;\n        |              ^~~","priority":"warning"},{"filePath":"ascii_table.c","startLine":40,"endLine":40,"startColumn":16,"endColumn":16,"rule":"[-Wanalyzer-malloc-leak]","category":"Memory","message":"[-Wanalyzer-malloc-leak]: leak of ‘ptr’ [CWE-401] \n        40 |         return hex_num;\n        |                ^~~~~~~\n        ‘decimal_to_hexadecimal’: events 1-4\n        |\n        |   32 |         ptr = malloc(sizeof(int));\n        |      |               ^~~~~~~~~~~~~~~~~~~\n        |      |               |\n        |      |               (1) allocated here\n        |   33 |\n        |   34 |         for (int i = 0; dec_num != 0; i++) {\n        |      |                         ~~~~~~~~~~~~\n        |      |                                 |\n        |      |                                 (2) following ‘false’ branch (when ‘dec_num == 0’)...\n        |......\n        |   40 |         return hex_num;\n        |      |                ~~~~~~~\n        |      |                |\n        |      |                (3) ...to here\n        |      |                (4) ‘ptr’ leaks here; was allocated at (1)\n        |\n","priority":"warning"}]}
