{"tool":null,"issues":[{"filePath":"invalid_filename.xml","startLine":1,"rule":"ExceptionDuringParsing","category":"miscellaneous","message":"An exception occurred during parsing the report for file invalid_filename.xml. Exception: java.io.FileNotFoundException: /home/alex/ArtemisDev/static-code-analysis-parser/src/test/java/reports/invalid_filename.xml (No such file or directory)"}]}
