{"tool":"SWIFTLINT","issues":[{"filePath":"/opt/bambooagent/bamboo-agent-home/xml-data/build-dir/MDTESTSWIFT-ARTEMISTESTUSER50-JOB1/assignment/Sources/swiftLib/BubbleSort.swift","startLine":20,"endLine":20,"startColumn":21,"endColumn":21,"rule":"array_init","category":"swiftLint","message":"Prefer using `Array(seq)` over `seq.map { $0 }` to convert a sequence into an Array.","priority":"warning"},{"filePath":"/opt/bambooagent/bamboo-agent-home/xml-data/build-dir/MDTESTSWIFT-ARTEMISTESTUSER50-JOB1/assignment/Sources/swiftLib/BubbleSort.swift","startLine":25,"endLine":25,"startColumn":38,"endColumn":38,"rule":"closing_brace","category":"swiftLint","message":"Closing brace with closing parenthesis should not have any whitespaces in the middle.","priority":"warning"},{"filePath":"/opt/bambooagent/bamboo-agent-home/xml-data/build-dir/MDTESTSWIFT-ARTEMISTESTUSER50-JOB1/assignment/Sources/swiftLib/BubbleSort.swift","startLine":22,"endLine":22,"startColumn":15,"endColumn":15,"rule":"closure_end_indentation","category":"swiftLint","message":"Closure end should have the same indentation as the line that started it. Expected 8, got 14.","priority":"warning"},{"filePath":"/opt/bambooagent/bamboo-agent-home/xml-data/build-dir/MDTESTSWIFT-ARTEMISTESTUSER50-JOB1/assignment/Sources/swiftLib/BubbleSort.swift","startLine":44,"endLine":44,"startColumn":21,"endColumn":21,"rule":"closure_spacing","category":"swiftLint","message":"Closure expressions should have a single space inside each brace.","priority":"warning"},{"filePath":"/opt/bambooagent/bamboo-agent-home/xml-data/build-dir/MDTESTSWIFT-ARTEMISTESTUSER50-JOB1/assignment/Sources/swiftLib/BubbleSort.swift","startLine":41,"endLine":41,"startColumn":23,"endColumn":23,"rule":"comma","category":"swiftLint","message":"There should be no space before and one after any comma.","priority":"warning"},{"filePath":"/opt/bambooagent/bamboo-agent-home/xml-data/build-dir/MDTESTSWIFT-ARTEMISTESTUSER50-JOB1/assignment/Sources/swiftLib/BubbleSort.swift","startLine":41,"endLine":41,"startColumn":27,"endColumn":27,"rule":"comma","category":"swiftLint","message":"There should be no space before and one after any comma.","priority":"warning"},{"filePath":"/opt/bambooagent/bamboo-agent-home/xml-data/build-dir/MDTESTSWIFT-ARTEMISTESTUSER50-JOB1/assignment/Sources/swiftLib/BubbleSort.swift","startLine":41,"endLine":41,"startColumn":29,"endColumn":29,"rule":"comma","category":"swiftLint","message":"There should be no space before and one after any comma.","priority":"warning"},{"filePath":"/opt/bambooagent/bamboo-agent-home/xml-data/build-dir/MDTESTSWIFT-ARTEMISTESTUSER50-JOB1/assignment/Sources/swiftLib/BubbleSort.swift","startLine":44,"endLine":44,"startColumn":9,"endColumn":9,"rule":"control_statement","category":"swiftLint","message":"`if`, `for`, `guard`, `switch`, `while`, and `catch` statements shouldn't unnecessarily wrap their conditionals or arguments in parentheses.","priority":"warning"},{"filePath":"/opt/bambooagent/bamboo-agent-home/xml-data/build-dir/MDTESTSWIFT-ARTEMISTESTUSER50-JOB1/assignment/Sources/swiftLib/BubbleSort.swift","startLine":47,"endLine":47,"startColumn":22,"endColumn":22,"rule":"discouraged_optional_boolean","category":"swiftLint","message":"Prefer non-optional booleans over optional booleans.","priority":"warning"},{"filePath":"/opt/bambooagent/bamboo-agent-home/xml-data/build-dir/MDTESTSWIFT-ARTEMISTESTUSER50-JOB1/assignment/Sources/swiftLib/BubbleSort.swift","startLine":6,"endLine":6,"startColumn":1,"endColumn":1,"rule":"duplicate_imports","category":"swiftLint","message":"Imports should be unique.","priority":"warning"},{"filePath":"/opt/bambooagent/bamboo-agent-home/xml-data/build-dir/MDTESTSWIFT-ARTEMISTESTUSER50-JOB1/assignment/Sources/swiftLib/BubbleSort.swift","startLine":55,"endLine":55,"startColumn":27,"endColumn":27,"rule":"empty_collection_literal","category":"swiftLint","message":"Prefer checking `isEmpty` over comparing collection to an empty array or dictionary literal.","priority":"warning"},{"filePath":"/opt/bambooagent/bamboo-agent-home/xml-data/build-dir/MDTESTSWIFT-ARTEMISTESTUSER50-JOB1/assignment/Sources/swiftLib/BubbleSort.swift","startLine":59,"endLine":59,"startColumn":28,"endColumn":28,"rule":"empty_count","category":"swiftLint","message":"Prefer checking `isEmpty` over comparing `count` to zero.","priority":"error"},{"filePath":"/opt/bambooagent/bamboo-agent-home/xml-data/build-dir/MDTESTSWIFT-ARTEMISTESTUSER50-JOB1/assignment/Sources/swiftLib/BubbleSort.swift","startLine":65,"endLine":65,"startColumn":23,"endColumn":23,"rule":"empty_string","category":"swiftLint","message":"Prefer checking `isEmpty` over comparing `string` to an empty string literal.","priority":"warning"},{"filePath":"/opt/bambooagent/bamboo-agent-home/xml-data/build-dir/MDTESTSWIFT-ARTEMISTESTUSER50-JOB1/assignment/Sources/swiftLib/BubbleSort.swift","startLine":71,"endLine":71,"startColumn":13,"endColumn":13,"rule":"for_where","category":"swiftLint","message":"`where` clauses are preferred over a single `if` inside a `for`.","priority":"warning"},{"filePath":"/opt/bambooagent/bamboo-agent-home/xml-data/build-dir/MDTESTSWIFT-ARTEMISTESTUSER50-JOB1/assignment/Sources/swiftLib/BubbleSort.swift","startLine":1,"endLine":1,"startColumn":0,"endColumn":0,"rule":"leading_whitespace","category":"swiftLint","message":"File shouldn't start with whitespace: currently starts with 2 whitespace characters","priority":"warning"},{"filePath":"/opt/bambooagent/bamboo-agent-home/xml-data/build-dir/MDTESTSWIFT-ARTEMISTESTUSER50-JOB1/assignment/Sources/swiftLib/BubbleSort.swift","startLine":36,"endLine":36,"startColumn":0,"endColumn":0,"rule":"line_length","category":"swiftLint","message":"Line should be 120 characters or less: currently 229 characters","priority":"error"},{"filePath":"/opt/bambooagent/bamboo-agent-home/xml-data/build-dir/MDTESTSWIFT-ARTEMISTESTUSER50-JOB1/assignment/Sources/swiftLib/BubbleSort.swift","startLine":77,"endLine":77,"startColumn":15,"endColumn":15,"rule":"no_space_in_method_call","category":"swiftLint","message":"Don't add a space between the method name and the parentheses.","priority":"warning"},{"filePath":"/opt/bambooagent/bamboo-agent-home/xml-data/build-dir/MDTESTSWIFT-ARTEMISTESTUSER50-JOB1/assignment/Sources/swiftLib/BubbleSort.swift","startLine":20,"endLine":20,"startColumn":33,"endColumn":33,"rule":"opening_brace","category":"swiftLint","message":"Opening braces should be preceded by a single space and on the same line as the declaration.","priority":"warning"},{"filePath":"/opt/bambooagent/bamboo-agent-home/xml-data/build-dir/MDTESTSWIFT-ARTEMISTESTUSER50-JOB1/assignment/Sources/swiftLib/BubbleSort.swift","startLine":83,"endLine":83,"startColumn":26,"endColumn":26,"rule":"opening_brace","category":"swiftLint","message":"Opening braces should be preceded by a single space and on the same line as the declaration.","priority":"warning"},{"filePath":"/opt/bambooagent/bamboo-agent-home/xml-data/build-dir/MDTESTSWIFT-ARTEMISTESTUSER50-JOB1/assignment/Sources/swiftLib/BubbleSort.swift","startLine":33,"endLine":33,"startColumn":18,"endColumn":18,"rule":"operator_usage_whitespace","category":"swiftLint","message":"Operators should be surrounded by a single whitespace when they are being used.","priority":"warning"},{"filePath":"/opt/bambooagent/bamboo-agent-home/xml-data/build-dir/MDTESTSWIFT-ARTEMISTESTUSER50-JOB1/assignment/Sources/swiftLib/BubbleSort.swift","startLine":93,"endLine":93,"startColumn":27,"endColumn":27,"rule":"operator_usage_whitespace","category":"swiftLint","message":"Operators should be surrounded by a single whitespace when they are being used.","priority":"warning"},{"filePath":"/opt/bambooagent/bamboo-agent-home/xml-data/build-dir/MDTESTSWIFT-ARTEMISTESTUSER50-JOB1/assignment/Sources/swiftLib/BubbleSort.swift","startLine":93,"endLine":93,"startColumn":27,"endColumn":27,"rule":"redundant_void_return","category":"swiftLint","message":"Returning Void in a function declaration is redundant.","priority":"warning"},{"filePath":"/opt/bambooagent/bamboo-agent-home/xml-data/build-dir/MDTESTSWIFT-ARTEMISTESTUSER50-JOB1/assignment/Sources/swiftLib/BubbleSort.swift","startLine":93,"endLine":93,"startColumn":27,"endColumn":27,"rule":"return_arrow_whitespace","category":"swiftLint","message":"Return arrow and return type should be separated by a single space or on a separate line.","priority":"warning"},{"filePath":"/opt/bambooagent/bamboo-agent-home/xml-data/build-dir/MDTESTSWIFT-ARTEMISTESTUSER50-JOB1/assignment/Sources/swiftLib/BubbleSort.swift","startLine":38,"endLine":38,"startColumn":9,"endColumn":9,"rule":"shorthand_operator","category":"swiftLint","message":"Prefer shorthand operators (+=, -=, *=, /=) over doing the operation and assigning.","priority":"error"},{"filePath":"/opt/bambooagent/bamboo-agent-home/xml-data/build-dir/MDTESTSWIFT-ARTEMISTESTUSER50-JOB1/assignment/Sources/swiftLib/BubbleSort.swift","startLine":51,"endLine":51,"startColumn":9,"endColumn":9,"rule":"toggle_bool","category":"swiftLint","message":"Prefer `someBool.toggle()` over `someBool = !someBool`.","priority":"warning"},{"filePath":"/opt/bambooagent/bamboo-agent-home/xml-data/build-dir/MDTESTSWIFT-ARTEMISTESTUSER50-JOB1/assignment/Sources/swiftLib/BubbleSort.swift","startLine":112,"endLine":112,"startColumn":0,"endColumn":0,"rule":"trailing_newline","category":"swiftLint","message":"Files should have a single trailing newline.","priority":"warning"},{"filePath":"/opt/bambooagent/bamboo-agent-home/xml-data/build-dir/MDTESTSWIFT-ARTEMISTESTUSER50-JOB1/assignment/Sources/swiftLib/BubbleSort.swift","startLine":19,"endLine":19,"startColumn":29,"endColumn":29,"rule":"trailing_semicolon","category":"swiftLint","message":"Lines should not have trailing semicolons.","priority":"warning"},{"filePath":"/opt/bambooagent/bamboo-agent-home/xml-data/build-dir/MDTESTSWIFT-ARTEMISTESTUSER50-JOB1/assignment/Sources/swiftLib/BubbleSort.swift","startLine":79,"endLine":79,"startColumn":21,"endColumn":21,"rule":"trailing_semicolon","category":"swiftLint","message":"Lines should not have trailing semicolons.","priority":"warning"},{"filePath":"/opt/bambooagent/bamboo-agent-home/xml-data/build-dir/MDTESTSWIFT-ARTEMISTESTUSER50-JOB1/assignment/Sources/swiftLib/BubbleSort.swift","startLine":19,"endLine":19,"startColumn":0,"endColumn":0,"rule":"trailing_whitespace","category":"swiftLint","message":"Lines should not have trailing whitespace.","priority":"warning"},{"filePath":"/opt/bambooagent/bamboo-agent-home/xml-data/build-dir/MDTESTSWIFT-ARTEMISTESTUSER50-JOB1/assignment/Sources/swiftLib/BubbleSort.swift","startLine":20,"endLine":20,"startColumn":0,"endColumn":0,"rule":"trailing_whitespace","category":"swiftLint","message":"Lines should not have trailing whitespace.","priority":"warning"},{"filePath":"/opt/bambooagent/bamboo-agent-home/xml-data/build-dir/MDTESTSWIFT-ARTEMISTESTUSER50-JOB1/assignment/Sources/swiftLib/BubbleSort.swift","startLine":21,"endLine":21,"startColumn":0,"endColumn":0,"rule":"trailing_whitespace","category":"swiftLint","message":"Lines should not have trailing whitespace.","priority":"warning"},{"filePath":"/opt/bambooagent/bamboo-agent-home/xml-data/build-dir/MDTESTSWIFT-ARTEMISTESTUSER50-JOB1/assignment/Sources/swiftLib/BubbleSort.swift","startLine":22,"endLine":22,"startColumn":0,"endColumn":0,"rule":"trailing_whitespace","category":"swiftLint","message":"Lines should not have trailing whitespace.","priority":"warning"},{"filePath":"/opt/bambooagent/bamboo-agent-home/xml-data/build-dir/MDTESTSWIFT-ARTEMISTESTUSER50-JOB1/assignment/Sources/swiftLib/BubbleSort.swift","startLine":102,"endLine":102,"startColumn":10,"endColumn":10,"rule":"type_name","category":"swiftLint","message":"Type name should be between 3 and 40 characters long: 'A'","priority":"warning"},{"filePath":"/opt/bambooagent/bamboo-agent-home/xml-data/build-dir/MDTESTSWIFT-ARTEMISTESTUSER50-JOB1/assignment/Sources/swiftLib/BubbleSort.swift","startLine":91,"endLine":91,"startColumn":0,"endColumn":0,"rule":"vertical_whitespace","category":"swiftLint","message":"Limit vertical whitespace to maximum 2 empty lines. Currently 5.","priority":"warning"},{"filePath":"/opt/bambooagent/bamboo-agent-home/xml-data/build-dir/MDTESTSWIFT-ARTEMISTESTUSER50-JOB1/assignment/Sources/swiftLib/BubbleSort.swift","startLine":56,"endLine":56,"startColumn":1,"endColumn":1,"rule":"vertical_whitespace_closing_braces","category":"swiftLint","message":"Don't include vertical whitespace (empty line) before closing braces.","priority":"warning"},{"filePath":"/opt/bambooagent/bamboo-agent-home/xml-data/build-dir/MDTESTSWIFT-ARTEMISTESTUSER50-JOB1/assignment/Sources/swiftLib/BubbleSort.swift","startLine":60,"endLine":60,"startColumn":1,"endColumn":1,"rule":"vertical_whitespace_closing_braces","category":"swiftLint","message":"Don't include vertical whitespace (empty line) before closing braces.","priority":"warning"},{"filePath":"/opt/bambooagent/bamboo-agent-home/xml-data/build-dir/MDTESTSWIFT-ARTEMISTESTUSER50-JOB1/assignment/Sources/swiftLib/BubbleSort.swift","startLine":66,"endLine":66,"startColumn":1,"endColumn":1,"rule":"vertical_whitespace_closing_braces","category":"swiftLint","message":"Don't include vertical whitespace (empty line) before closing braces.","priority":"warning"},{"filePath":"/opt/bambooagent/bamboo-agent-home/xml-data/build-dir/MDTESTSWIFT-ARTEMISTESTUSER50-JOB1/assignment/Sources/swiftLib/BubbleSort.swift","startLine":72,"endLine":72,"startColumn":1,"endColumn":1,"rule":"vertical_whitespace_closing_braces","category":"swiftLint","message":"Don't include vertical whitespace (empty line) before closing braces.","priority":"warning"},{"filePath":"/opt/bambooagent/bamboo-agent-home/xml-data/build-dir/MDTESTSWIFT-ARTEMISTESTUSER50-JOB1/assignment/Sources/swiftLib/BubbleSort.swift","startLine":84,"endLine":84,"startColumn":1,"endColumn":1,"rule":"vertical_whitespace_closing_braces","category":"swiftLint","message":"Don't include vertical whitespace (empty line) before closing braces.","priority":"warning"},{"filePath":"/opt/bambooagent/bamboo-agent-home/xml-data/build-dir/MDTESTSWIFT-ARTEMISTESTUSER50-JOB1/assignment/Sources/swiftLib/BubbleSort.swift","startLine":110,"endLine":110,"startColumn":1,"endColumn":1,"rule":"vertical_whitespace_closing_braces","category":"swiftLint","message":"Don't include vertical whitespace (empty line) before closing braces.","priority":"warning"},{"filePath":"/opt/bambooagent/bamboo-agent-home/xml-data/build-dir/MDTESTSWIFT-ARTEMISTESTUSER50-JOB1/assignment/Sources/swiftLib/BubbleSort.swift","startLine":9,"endLine":9,"startColumn":1,"endColumn":1,"rule":"vertical_whitespace_opening_braces","category":"swiftLint","message":"Don't include vertical whitespace (empty line) after opening braces.","priority":"warning"},{"filePath":"/opt/bambooagent/bamboo-agent-home/xml-data/build-dir/MDTESTSWIFT-ARTEMISTESTUSER50-JOB1/assignment/Sources/swiftLib/BubbleSort.swift","startLine":56,"endLine":56,"startColumn":1,"endColumn":1,"rule":"vertical_whitespace_opening_braces","category":"swiftLint","message":"Don't include vertical whitespace (empty line) after opening braces.","priority":"warning"},{"filePath":"/opt/bambooagent/bamboo-agent-home/xml-data/build-dir/MDTESTSWIFT-ARTEMISTESTUSER50-JOB1/assignment/Sources/swiftLib/BubbleSort.swift","startLine":60,"endLine":60,"startColumn":1,"endColumn":1,"rule":"vertical_whitespace_opening_braces","category":"swiftLint","message":"Don't include vertical whitespace (empty line) after opening braces.","priority":"warning"},{"filePath":"/opt/bambooagent/bamboo-agent-home/xml-data/build-dir/MDTESTSWIFT-ARTEMISTESTUSER50-JOB1/assignment/Sources/swiftLib/BubbleSort.swift","startLine":66,"endLine":66,"startColumn":1,"endColumn":1,"rule":"vertical_whitespace_opening_braces","category":"swiftLint","message":"Don't include vertical whitespace (empty line) after opening braces.","priority":"warning"},{"filePath":"/opt/bambooagent/bamboo-agent-home/xml-data/build-dir/MDTESTSWIFT-ARTEMISTESTUSER50-JOB1/assignment/Sources/swiftLib/BubbleSort.swift","startLine":72,"endLine":72,"startColumn":1,"endColumn":1,"rule":"vertical_whitespace_opening_braces","category":"swiftLint","message":"Don't include vertical whitespace (empty line) after opening braces.","priority":"warning"},{"filePath":"/opt/bambooagent/bamboo-agent-home/xml-data/build-dir/MDTESTSWIFT-ARTEMISTESTUSER50-JOB1/assignment/Sources/swiftLib/BubbleSort.swift","startLine":84,"endLine":84,"startColumn":1,"endColumn":1,"rule":"vertical_whitespace_opening_braces","category":"swiftLint","message":"Don't include vertical whitespace (empty line) after opening braces.","priority":"warning"},{"filePath":"/opt/bambooagent/bamboo-agent-home/xml-data/build-dir/MDTESTSWIFT-ARTEMISTESTUSER50-JOB1/assignment/Sources/swiftLib/Client.swift","startLine":21,"endLine":21,"startColumn":30,"endColumn":30,"rule":"explicit_init","category":"swiftLint","message":"Explicitly calling .init() should be avoided.","priority":"warning"},{"filePath":"/opt/bambooagent/bamboo-agent-home/xml-data/build-dir/MDTESTSWIFT-ARTEMISTESTUSER50-JOB1/assignment/Sources/swiftLib/Client.swift","startLine":78,"endLine":78,"startColumn":0,"endColumn":0,"rule":"trailing_newline","category":"swiftLint","message":"Files should have a single trailing newline.","priority":"warning"},{"filePath":"/opt/bambooagent/bamboo-agent-home/xml-data/build-dir/MDTESTSWIFT-ARTEMISTESTUSER50-JOB1/assignment/Sources/swiftLib/Context.swift","startLine":6,"endLine":6,"startColumn":0,"endColumn":0,"rule":"trailing_newline","category":"swiftLint","message":"Files should have a single trailing newline.","priority":"warning"}]}
